// Jest Snapshot v1, https://goo.gl/fbAQLP

exports[`renders Card with props 1`] = `
<div
  class="StyledBox-sc-13pk1d4-0 vIbJK"
/>
`;

exports[`renders plain Card 1`] = `
<div
  class="StyledBox-sc-13pk1d4-0 vIbJK"
/>
`;
